Archive member included because of file (symbol)

/home/william/pebble-dev/PebbleSDK-2.0.2/Pebble/lib/libpebble.a(tmpMw9aXupebble.o)
                              src/Salt Shaker.c.7.o (accel_data_service_unsubscribe)
/home/william/pebble-dev/PebbleSDK-2.0.2/arm-cs-tools/bin/../lib/gcc/arm-none-eabi/4.7.2/thumb2/libgcc.a(_arm_addsubdf3.o)
                              src/Salt Shaker.c.7.o (__aeabi_i2d)
/home/william/pebble-dev/PebbleSDK-2.0.2/arm-cs-tools/bin/../lib/gcc/arm-none-eabi/4.7.2/thumb2/libgcc.a(_arm_muldivdf3.o)
                              src/Salt Shaker.c.7.o (__aeabi_dmul)
/home/william/pebble-dev/PebbleSDK-2.0.2/arm-cs-tools/bin/../lib/gcc/arm-none-eabi/4.7.2/thumb2/libgcc.a(_arm_fixdfsi.o)
                              src/Salt Shaker.c.7.o (__aeabi_d2iz)

Discarded input sections

 .text          0x0000000000000000        0x0 /home/william/pebble-dev/PebbleSDK-2.0.2/arm-cs-tools/bin/../lib/gcc/arm-none-eabi/4.7.2/thumb2/crti.o
 .bss           0x0000000000000000        0x0 /home/william/pebble-dev/PebbleSDK-2.0.2/arm-cs-tools/bin/../lib/gcc/arm-none-eabi/4.7.2/thumb2/crti.o
 .init          0x0000000000000000        0x4 /home/william/pebble-dev/PebbleSDK-2.0.2/arm-cs-tools/bin/../lib/gcc/arm-none-eabi/4.7.2/thumb2/crti.o
 .fini          0x0000000000000000        0x4 /home/william/pebble-dev/PebbleSDK-2.0.2/arm-cs-tools/bin/../lib/gcc/arm-none-eabi/4.7.2/thumb2/crti.o
 .text          0x0000000000000000       0xc8 /home/william/pebble-dev/PebbleSDK-2.0.2/arm-cs-tools/bin/../lib/gcc/arm-none-eabi/4.7.2/thumb2/crtbegin.o
 .bss           0x0000000000000000       0x1c /home/william/pebble-dev/PebbleSDK-2.0.2/arm-cs-tools/bin/../lib/gcc/arm-none-eabi/4.7.2/thumb2/crtbegin.o
 .init_array    0x0000000000000000        0x4 /home/william/pebble-dev/PebbleSDK-2.0.2/arm-cs-tools/bin/../lib/gcc/arm-none-eabi/4.7.2/thumb2/crtbegin.o
 .fini_array    0x0000000000000000        0x4 /home/william/pebble-dev/PebbleSDK-2.0.2/arm-cs-tools/bin/../lib/gcc/arm-none-eabi/4.7.2/thumb2/crtbegin.o
 .eh_frame      0x0000000000000000        0x0 /home/william/pebble-dev/PebbleSDK-2.0.2/arm-cs-tools/bin/../lib/gcc/arm-none-eabi/4.7.2/thumb2/crtbegin.o
 .jcr           0x0000000000000000        0x0 /home/william/pebble-dev/PebbleSDK-2.0.2/arm-cs-tools/bin/../lib/gcc/arm-none-eabi/4.7.2/thumb2/crtbegin.o
 .tm_clone_table
                0x0000000000000000        0x0 /home/william/pebble-dev/PebbleSDK-2.0.2/arm-cs-tools/bin/../lib/gcc/arm-none-eabi/4.7.2/thumb2/crtbegin.o
 .text          0x0000000000000000        0x0 src/Salt Shaker.c.7.o
 .bss           0x0000000000000000        0x0 src/Salt Shaker.c.7.o
 .text          0x0000000000000000        0x0 appinfo.auto.c.7.o
 .bss           0x0000000000000000        0x0 appinfo.auto.c.7.o
 .bss           0x0000000000000000        0x0 /home/william/pebble-dev/PebbleSDK-2.0.2/Pebble/lib/libpebble.a(tmpMw9aXupebble.o)
 .text.accel_data_service_subscribe__deprecated
                0x0000000000000000        0xc /home/william/pebble-dev/PebbleSDK-2.0.2/Pebble/lib/libpebble.a(tmpMw9aXupebble.o)
 .text.accel_service_peek
                0x0000000000000000        0xc /home/william/pebble-dev/PebbleSDK-2.0.2/Pebble/lib/libpebble.a(tmpMw9aXupebble.o)
 .text.accel_service_set_samples_per_update
                0x0000000000000000        0xc /home/william/pebble-dev/PebbleSDK-2.0.2/Pebble/lib/libpebble.a(tmpMw9aXupebble.o)
 .text.accel_service_set_sampling_rate
                0x0000000000000000        0xc /home/william/pebble-dev/PebbleSDK-2.0.2/Pebble/lib/libpebble.a(tmpMw9aXupebble.o)
 .text.accel_tap_service_subscribe
                0x0000000000000000        0xc /home/william/pebble-dev/PebbleSDK-2.0.2/Pebble/lib/libpebble.a(tmpMw9aXupebble.o)
 .text.accel_tap_service_unsubscribe
                0x0000000000000000        0xc /home/william/pebble-dev/PebbleSDK-2.0.2/Pebble/lib/libpebble.a(tmpMw9aXupebble.o)
 .text.action_bar_layer_add_to_window
                0x0000000000000000        0xc /home/william/pebble-dev/PebbleSDK-2.0.2/Pebble/lib/libpebble.a(tmpMw9aXupebble.o)
 .text.action_bar_layer_clear_icon
                0x0000000000000000        0xc /home/william/pebble-dev/PebbleSDK-2.0.2/Pebble/lib/libpebble.a(tmpMw9aXupebble.o)
 .text.action_bar_layer_create
                0x0000000000000000        0xc /home/william/pebble-dev/PebbleSDK-2.0.2/Pebble/lib/libpebble.a(tmpMw9aXupebble.o)
 .text.action_bar_layer_destroy
                0x0000000000000000        0xc /home/william/pebble-dev/PebbleSDK-2.0.2/Pebble/lib/libpebble.a(tmpMw9aXupebble.o)
 .text.action_bar_layer_get_layer
                0x0000000000000000        0xc /home/william/pebble-dev/PebbleSDK-2.0.2/Pebble/lib/libpebble.a(tmpMw9aXupebble.o)
 .text.action_bar_layer_remove_from_window
                0x0000000000000000        0xc /home/william/pebble-dev/PebbleSDK-2.0.2/Pebble/lib/libpebble.a(tmpMw9aXupebble.o)
 .text.action_bar_layer_set_background_color
                0x0000000000000000        0xc /home/william/pebble-dev/PebbleSDK-2.0.2/Pebble/lib/libpebble.a(tmpMw9aXupebble.o)
 .text.action_bar_layer_set_click_config_provider
                0x0000000000000000        0xc /home/william/pebble-dev/PebbleSDK-2.0.2/Pebble/lib/libpebble.a(tmpMw9aXupebble.o)
 .text.action_bar_layer_set_context
                0x0000000000000000        0xc /home/william/pebble-dev/PebbleSDK-2.0.2/Pebble/lib/libpebble.a(tmpMw9aXupebble.o)
 .text.action_bar_layer_set_icon
                0x0000000000000000        0xc /home/william/pebble-dev/PebbleSDK-2.0.2/Pebble/lib/libpebble.a(tmpMw9aXupebble.o)
 .text.animation_create
                0x0000000000000000        0xc /home/william/pebble-dev/PebbleSDK-2.0.2/Pebble/lib/libpebble.a(tmpMw9aXupebble.o)
 .text.animation_destroy
                0x0000000000000000        0xc /home/william/pebble-dev/PebbleSDK-2.0.2/Pebble/lib/libpebble.a(tmpMw9aXupebble.o)
 .text.animation_get_context
                0x0000000000000000        0xc /home/william/pebble-dev/PebbleSDK-2.0.2/Pebble/lib/libpebble.a(tmpMw9aXupebble.o)
 .text.animation_is_scheduled
                0x0000000000000000        0xc /home/william/pebble-dev/PebbleSDK-2.0.2/Pebble/lib/libpebble.a(tmpMw9aXupebble.o)
 .text.animation_schedule
                0x0000000000000000        0xc /home/william/pebble-dev/PebbleSDK-2.0.2/Pebble/lib/libpebble.a(tmpMw9aXupebble.o)
 .text.animation_set_curve
                0x0000000000000000        0xc /home/william/pebble-dev/PebbleSDK-2.0.2/Pebble/lib/libpebble.a(tmpMw9aXupebble.o)
 .text.animation_set_delay
                0x0000000000000000        0xc /home/william/pebble-dev/PebbleSDK-2.0.2/Pebble/lib/libpebble.a(tmpMw9aXupebble.o)
 .text.animation_set_duration
                0x0000000000000000        0xc /home/william/pebble-dev/PebbleSDK-2.0.2/Pebble/lib/libpebble.a(tmpMw9aXupebble.o)
 .text.animation_set_handlers
                0x0000000000000000        0xc /home/william/pebble-dev/PebbleSDK-2.0.2/Pebble/lib/libpebble.a(tmpMw9aXupebble.o)
 .text.animation_set_implementation
                0x0000000000000000        0xc /home/william/pebble-dev/PebbleSDK-2.0.2/Pebble/lib/libpebble.a(tmpMw9aXupebble.o)
 .text.animation_unschedule
                0x0000000000000000        0xc /home/william/pebble-dev/PebbleSDK-2.0.2/Pebble/lib/libpebble.a(tmpMw9aXupebble.o)
 .text.animation_unschedule_all
                0x0000000000000000        0xc /home/william/pebble-dev/PebbleSDK-2.0.2/Pebble/lib/libpebble.a(tmpMw9aXupebble.o)
 .text.app_comm_get_sniff_interval
                0x0000000000000000        0xc /home/william/pebble-dev/PebbleSDK-2.0.2/Pebble/lib/libpebble.a(tmpMw9aXupebble.o)
 .text.app_comm_set_sniff_interval
                0x0000000000000000        0xc /home/william/pebble-dev/PebbleSDK-2.0.2/Pebble/lib/libpebble.a(tmpMw9aXupebble.o)
 .text.app_message_deregister_callbacks
                0x0000000000000000        0xc /home/william/pebble-dev/PebbleSDK-2.0.2/Pebble/lib/libpebble.a(tmpMw9aXupebble.o)
 .text.app_message_open
                0x0000000000000000        0xc /home/william/pebble-dev/PebbleSDK-2.0.2/Pebble/lib/libpebble.a(tmpMw9aXupebble.o)
 .text.app_sync_deinit
                0x0000000000000000        0xc /home/william/pebble-dev/PebbleSDK-2.0.2/Pebble/lib/libpebble.a(tmpMw9aXupebble.o)
 .text.app_sync_get
                0x0000000000000000        0xc /home/william/pebble-dev/PebbleSDK-2.0.2/Pebble/lib/libpebble.a(tmpMw9aXupebble.o)
 .text.app_sync_init
                0x0000000000000000        0xc /home/william/pebble-dev/PebbleSDK-2.0.2/Pebble/lib/libpebble.a(tmpMw9aXupebble.o)
 .text.app_sync_set
                0x0000000000000000        0xc /home/william/pebble-dev/PebbleSDK-2.0.2/Pebble/lib/libpebble.a(tmpMw9aXupebble.o)
 .text.app_timer_cancel
                0x0000000000000000        0xc /home/william/pebble-dev/PebbleSDK-2.0.2/Pebble/lib/libpebble.a(tmpMw9aXupebble.o)
 .text.app_timer_register
                0x0000000000000000        0xc /home/william/pebble-dev/PebbleSDK-2.0.2/Pebble/lib/libpebble.a(tmpMw9aXupebble.o)
 .text.app_timer_reschedule
                0x0000000000000000        0xc /home/william/pebble-dev/PebbleSDK-2.0.2/Pebble/lib/libpebble.a(tmpMw9aXupebble.o)
 .text.atan2_lookup
                0x0000000000000000        0xc /home/william/pebble-dev/PebbleSDK-2.0.2/Pebble/lib/libpebble.a(tmpMw9aXupebble.o)
 .text.atoi     0x0000000000000000        0xc /home/william/pebble-dev/PebbleSDK-2.0.2/Pebble/lib/libpebble.a(tmpMw9aXupebble.o)
 .text.atol     0x0000000000000000        0xc /home/william/pebble-dev/PebbleSDK-2.0.2/Pebble/lib/libpebble.a(tmpMw9aXupebble.o)
 .text.battery_state_service_peek
                0x0000000000000000        0xc /home/william/pebble-dev/PebbleSDK-2.0.2/Pebble/lib/libpebble.a(tmpMw9aXupebble.o)
 .text.battery_state_service_subscribe
                0x0000000000000000        0xc /home/william/pebble-dev/PebbleSDK-2.0.2/Pebble/lib/libpebble.a(tmpMw9aXupebble.o)
 .text.battery_state_service_unsubscribe
                0x0000000000000000        0xc /home/william/pebble-dev/PebbleSDK-2.0.2/Pebble/lib/libpebble.a(tmpMw9aXupebble.o)
 .text.bitmap_layer_create
                0x0000000000000000        0xc /home/william/pebble-dev/PebbleSDK-2.0.2/Pebble/lib/libpebble.a(tmpMw9aXupebble.o)
 .text.bitmap_layer_destroy
                0x0000000000000000        0xc /home/william/pebble-dev/PebbleSDK-2.0.2/Pebble/lib/libpebble.a(tmpMw9aXupebble.o)
 .text.bitmap_layer_get_layer
                0x0000000000000000        0xc /home/william/pebble-dev/PebbleSDK-2.0.2/Pebble/lib/libpebble.a(tmpMw9aXupebble.o)
 .text.bitmap_layer_set_alignment
                0x0000000000000000        0xc /home/william/pebble-dev/PebbleSDK-2.0.2/Pebble/lib/libpebble.a(tmpMw9aXupebble.o)
 .text.bitmap_layer_set_background_color
                0x0000000000000000        0xc /home/william/pebble-dev/PebbleSDK-2.0.2/Pebble/lib/libpebble.a(tmpMw9aXupebble.o)
 .text.bitmap_layer_set_bitmap
                0x0000000000000000        0xc /home/william/pebble-dev/PebbleSDK-2.0.2/Pebble/lib/libpebble.a(tmpMw9aXupebble.o)
 .text.bitmap_layer_set_compositing_mode
                0x0000000000000000        0xc /home/william/pebble-dev/PebbleSDK-2.0.2/Pebble/lib/libpebble.a(tmpMw9aXupebble.o)
 .text.bluetooth_connection_service_peek
                0x0000000000000000        0xc /home/william/pebble-dev/PebbleSDK-2.0.2/Pebble/lib/libpebble.a(tmpMw9aXupebble.o)
 .text.bluetooth_connection_service_subscribe
                0x0000000000000000        0xc /home/william/pebble-dev/PebbleSDK-2.0.2/Pebble/lib/libpebble.a(tmpMw9aXupebble.o)
 .text.bluetooth_connection_service_unsubscribe
                0x0000000000000000        0xc /home/william/pebble-dev/PebbleSDK-2.0.2/Pebble/lib/libpebble.a(tmpMw9aXupebble.o)
 .text.click_number_of_clicks_counted
                0x0000000000000000        0xc /home/william/pebble-dev/PebbleSDK-2.0.2/Pebble/lib/libpebble.a(tmpMw9aXupebble.o)
 .text.click_recognizer_get_button_id
                0x0000000000000000        0xc /home/william/pebble-dev/PebbleSDK-2.0.2/Pebble/lib/libpebble.a(tmpMw9aXupebble.o)
 .text.clock_copy_time_string
                0x0000000000000000        0xc /home/william/pebble-dev/PebbleSDK-2.0.2/Pebble/lib/libpebble.a(tmpMw9aXupebble.o)
 .text.clock_is_24h_style
                0x0000000000000000        0xc /home/william/pebble-dev/PebbleSDK-2.0.2/Pebble/lib/libpebble.a(tmpMw9aXupebble.o)
 .text.cos_lookup
                0x0000000000000000        0xc /home/william/pebble-dev/PebbleSDK-2.0.2/Pebble/lib/libpebble.a(tmpMw9aXupebble.o)
 .text.data_logging_create
                0x0000000000000000        0xc /home/william/pebble-dev/PebbleSDK-2.0.2/Pebble/lib/libpebble.a(tmpMw9aXupebble.o)
 .text.data_logging_finish
                0x0000000000000000        0xc /home/william/pebble-dev/PebbleSDK-2.0.2/Pebble/lib/libpebble.a(tmpMw9aXupebble.o)
 .text.data_logging_log
                0x0000000000000000        0xc /home/william/pebble-dev/PebbleSDK-2.0.2/Pebble/lib/libpebble.a(tmpMw9aXupebble.o)
 .text.dict_calc_buffer_size
                0x0000000000000000        0xc /home/william/pebble-dev/PebbleSDK-2.0.2/Pebble/lib/libpebble.a(tmpMw9aXupebble.o)
 .text.dict_calc_buffer_size_from_tuplets
                0x0000000000000000        0xc /home/william/pebble-dev/PebbleSDK-2.0.2/Pebble/lib/libpebble.a(tmpMw9aXupebble.o)
 .text.dict_find
                0x0000000000000000        0xc /home/william/pebble-dev/PebbleSDK-2.0.2/Pebble/lib/libpebble.a(tmpMw9aXupebble.o)
 .text.dict_merge
                0x0000000000000000        0xc /home/william/pebble-dev/PebbleSDK-2.0.2/Pebble/lib/libpebble.a(tmpMw9aXupebble.o)
 .text.dict_read_begin_from_buffer
                0x0000000000000000        0xc /home/william/pebble-dev/PebbleSDK-2.0.2/Pebble/lib/libpebble.a(tmpMw9aXupebble.o)
 .text.dict_read_first
                0x0000000000000000        0xc /home/william/pebble-dev/PebbleSDK-2.0.2/Pebble/lib/libpebble.a(tmpMw9aXupebble.o)
 .text.dict_read_next
                0x0000000000000000        0xc /home/william/pebble-dev/PebbleSDK-2.0.2/Pebble/lib/libpebble.a(tmpMw9aXupebble.o)
 .text.dict_serialize_tuplets
                0x0000000000000000        0xc /home/william/pebble-dev/PebbleSDK-2.0.2/Pebble/lib/libpebble.a(tmpMw9aXupebble.o)
 .text.dict_serialize_tuplets_to_buffer__deprecated
                0x0000000000000000        0xc /home/william/pebble-dev/PebbleSDK-2.0.2/Pebble/lib/libpebble.a(tmpMw9aXupebble.o)
 .text.dict_serialize_tuplets_to_buffer_with_iter
                0x0000000000000000        0xc /home/william/pebble-dev/PebbleSDK-2.0.2/Pebble/lib/libpebble.a(tmpMw9aXupebble.o)
 .text.dict_write_begin
                0x0000000000000000        0xc /home/william/pebble-dev/PebbleSDK-2.0.2/Pebble/lib/libpebble.a(tmpMw9aXupebble.o)
 .text.dict_write_cstring
                0x0000000000000000        0xc /home/william/pebble-dev/PebbleSDK-2.0.2/Pebble/lib/libpebble.a(tmpMw9aXupebble.o)
 .text.dict_write_data
                0x0000000000000000        0xc /home/william/pebble-dev/PebbleSDK-2.0.2/Pebble/lib/libpebble.a(tmpMw9aXupebble.o)
 .text.dict_write_end
                0x0000000000000000        0xc /home/william/pebble-dev/PebbleSDK-2.0.2/Pebble/lib/libpebble.a(tmpMw9aXupebble.o)
 .text.dict_write_int
                0x0000000000000000        0xc /home/william/pebble-dev/PebbleSDK-2.0.2/Pebble/lib/libpebble.a(tmpMw9aXupebble.o)
 .text.dict_write_int16
                0x0000000000000000        0xc /home/william/pebble-dev/PebbleSDK-2.0.2/Pebble/lib/libpebble.a(tmpMw9aXupebble.o)
 .text.dict_write_int32
                0x0000000000000000        0xc /home/william/pebble-dev/PebbleSDK-2.0.2/Pebble/lib/libpebble.a(tmpMw9aXupebble.o)
 .text.dict_write_int8
                0x0000000000000000        0xc /home/william/pebble-dev/PebbleSDK-2.0.2/Pebble/lib/libpebble.a(tmpMw9aXupebble.o)
 .text.dict_write_tuplet
                0x0000000000000000        0xc /home/william/pebble-dev/PebbleSDK-2.0.2/Pebble/lib/libpebble.a(tmpMw9aXupebble.o)
 .text.dict_write_uint16
                0x0000000000000000        0xc /home/william/pebble-dev/PebbleSDK-2.0.2/Pebble/lib/libpebble.a(tmpMw9aXupebble.o)
 .text.dict_write_uint32
                0x0000000000000000        0xc /home/william/pebble-dev/PebbleSDK-2.0.2/Pebble/lib/libpebble.a(tmpMw9aXupebble.o)
 .text.dict_write_uint8
                0x0000000000000000        0xc /home/william/pebble-dev/PebbleSDK-2.0.2/Pebble/lib/libpebble.a(tmpMw9aXupebble.o)
 .text.fonts_load_custom_font
                0x0000000000000000        0xc /home/william/pebble-dev/PebbleSDK-2.0.2/Pebble/lib/libpebble.a(tmpMw9aXupebble.o)
 .text.fonts_unload_custom_font
                0x0000000000000000        0xc /home/william/pebble-dev/PebbleSDK-2.0.2/Pebble/lib/libpebble.a(tmpMw9aXupebble.o)
 .text.free     0x0000000000000000        0xc /home/william/pebble-dev/PebbleSDK-2.0.2/Pebble/lib/libpebble.a(tmpMw9aXupebble.o)
 .text.gbitmap_create_as_sub_bitmap
                0x0000000000000000        0xc /home/william/pebble-dev/PebbleSDK-2.0.2/Pebble/lib/libpebble.a(tmpMw9aXupebble.o)
 .text.gbitmap_create_with_data
                0x0000000000000000        0xc /home/william/pebble-dev/PebbleSDK-2.0.2/Pebble/lib/libpebble.a(tmpMw9aXupebble.o)
 .text.gbitmap_create_with_resource
                0x0000000000000000        0xc /home/william/pebble-dev/PebbleSDK-2.0.2/Pebble/lib/libpebble.a(tmpMw9aXupebble.o)
 .text.gbitmap_destroy
                0x0000000000000000        0xc /home/william/pebble-dev/PebbleSDK-2.0.2/Pebble/lib/libpebble.a(tmpMw9aXupebble.o)
 .text.gmtime   0x0000000000000000        0xc /home/william/pebble-dev/PebbleSDK-2.0.2/Pebble/lib/libpebble.a(tmpMw9aXupebble.o)
 .text.gpath_create
                0x0000000000000000        0xc /home/william/pebble-dev/PebbleSDK-2.0.2/Pebble/lib/libpebble.a(tmpMw9aXupebble.o)
 .text.gpath_destroy
                0x0000000000000000        0xc /home/william/pebble-dev/PebbleSDK-2.0.2/Pebble/lib/libpebble.a(tmpMw9aXupebble.o)
 .text.gpath_draw_filled
                0x0000000000000000        0xc /home/william/pebble-dev/PebbleSDK-2.0.2/Pebble/lib/libpebble.a(tmpMw9aXupebble.o)
 .text.gpath_draw_outline
                0x0000000000000000        0xc /home/william/pebble-dev/PebbleSDK-2.0.2/Pebble/lib/libpebble.a(tmpMw9aXupebble.o)
 .text.gpath_move_to
                0x0000000000000000        0xc /home/william/pebble-dev/PebbleSDK-2.0.2/Pebble/lib/libpebble.a(tmpMw9aXupebble.o)
 .text.gpath_rotate_to
                0x0000000000000000        0xc /home/william/pebble-dev/PebbleSDK-2.0.2/Pebble/lib/libpebble.a(tmpMw9aXupebble.o)
 .text.gpoint_equal
                0x0000000000000000        0xc /home/william/pebble-dev/PebbleSDK-2.0.2/Pebble/lib/libpebble.a(tmpMw9aXupebble.o)
 .text.graphics_context_set_compositing_mode
                0x0000000000000000        0xc /home/william/pebble-dev/PebbleSDK-2.0.2/Pebble/lib/libpebble.a(tmpMw9aXupebble.o)
 .text.graphics_context_set_fill_color
                0x0000000000000000        0xc /home/william/pebble-dev/PebbleSDK-2.0.2/Pebble/lib/libpebble.a(tmpMw9aXupebble.o)
 .text.graphics_context_set_stroke_color
                0x0000000000000000        0xc /home/william/pebble-dev/PebbleSDK-2.0.2/Pebble/lib/libpebble.a(tmpMw9aXupebble.o)
 .text.graphics_context_set_text_color
                0x0000000000000000        0xc /home/william/pebble-dev/PebbleSDK-2.0.2/Pebble/lib/libpebble.a(tmpMw9aXupebble.o)
 .text.graphics_draw_bitmap_in_rect
                0x0000000000000000        0xc /home/william/pebble-dev/PebbleSDK-2.0.2/Pebble/lib/libpebble.a(tmpMw9aXupebble.o)
 .text.graphics_draw_circle
                0x0000000000000000        0xc /home/william/pebble-dev/PebbleSDK-2.0.2/Pebble/lib/libpebble.a(tmpMw9aXupebble.o)
 .text.graphics_draw_line
                0x0000000000000000        0xc /home/william/pebble-dev/PebbleSDK-2.0.2/Pebble/lib/libpebble.a(tmpMw9aXupebble.o)
 .text.graphics_draw_pixel
                0x0000000000000000        0xc /home/william/pebble-dev/PebbleSDK-2.0.2/Pebble/lib/libpebble.a(tmpMw9aXupebble.o)
 .text.graphics_draw_rect
                0x0000000000000000        0xc /home/william/pebble-dev/PebbleSDK-2.0.2/Pebble/lib/libpebble.a(tmpMw9aXupebble.o)
 .text.graphics_draw_round_rect
                0x0000000000000000        0xc /home/william/pebble-dev/PebbleSDK-2.0.2/Pebble/lib/libpebble.a(tmpMw9aXupebble.o)
 .text.graphics_fill_circle
                0x0000000000000000        0xc /home/william/pebble-dev/PebbleSDK-2.0.2/Pebble/lib/libpebble.a(tmpMw9aXupebble.o)
 .text.graphics_fill_rect
                0x0000000000000000        0xc /home/william/pebble-dev/PebbleSDK-2.0.2/Pebble/lib/libpebble.a(tmpMw9aXupebble.o)
 .text.graphics_text_layout_get_max_used_size
                0x0000000000000000        0xc /home/william/pebble-dev/PebbleSDK-2.0.2/Pebble/lib/libpebble.a(tmpMw9aXupebble.o)
 .text.grect_align
                0x0000000000000000        0xc /home/william/pebble-dev/PebbleSDK-2.0.2/Pebble/lib/libpebble.a(tmpMw9aXupebble.o)
 .text.grect_center_point
                0x0000000000000000        0xc /home/william/pebble-dev/PebbleSDK-2.0.2/Pebble/lib/libpebble.a(tmpMw9aXupebble.o)
 .text.grect_clip
                0x0000000000000000        0xc /home/william/pebble-dev/PebbleSDK-2.0.2/Pebble/lib/libpebble.a(tmpMw9aXupebble.o)
 .text.grect_contains_point
                0x0000000000000000        0xc /home/william/pebble-dev/PebbleSDK-2.0.2/Pebble/lib/libpebble.a(tmpMw9aXupebble.o)
 .text.grect_crop
                0x0000000000000000        0xc /home/william/pebble-dev/PebbleSDK-2.0.2/Pebble/lib/libpebble.a(tmpMw9aXupebble.o)
 .text.grect_equal
                0x0000000000000000        0xc /home/william/pebble-dev/PebbleSDK-2.0.2/Pebble/lib/libpebble.a(tmpMw9aXupebble.o)
 .text.grect_is_empty
                0x0000000000000000        0xc /home/william/pebble-dev/PebbleSDK-2.0.2/Pebble/lib/libpebble.a(tmpMw9aXupebble.o)
 .text.grect_standardize
                0x0000000000000000        0xc /home/william/pebble-dev/PebbleSDK-2.0.2/Pebble/lib/libpebble.a(tmpMw9aXupebble.o)
 .text.gsize_equal
                0x0000000000000000        0xc /home/william/pebble-dev/PebbleSDK-2.0.2/Pebble/lib/libpebble.a(tmpMw9aXupebble.o)
 .text.inverter_layer_create
                0x0000000000000000        0xc /home/william/pebble-dev/PebbleSDK-2.0.2/Pebble/lib/libpebble.a(tmpMw9aXupebble.o)
 .text.inverter_layer_destroy
                0x0000000000000000        0xc /home/william/pebble-dev/PebbleSDK-2.0.2/Pebble/lib/libpebble.a(tmpMw9aXupebble.o)
 .text.inverter_layer_get_layer
                0x0000000000000000        0xc /home/william/pebble-dev/PebbleSDK-2.0.2/Pebble/lib/libpebble.a(tmpMw9aXupebble.o)
 .text.layer_create
                0x0000000000000000        0xc /home/william/pebble-dev/PebbleSDK-2.0.2/Pebble/lib/libpebble.a(tmpMw9aXupebble.o)
 .text.layer_create_with_data
                0x0000000000000000        0xc /home/william/pebble-dev/PebbleSDK-2.0.2/Pebble/lib/libpebble.a(tmpMw9aXupebble.o)
 .text.layer_destroy
                0x0000000000000000        0xc /home/william/pebble-dev/PebbleSDK-2.0.2/Pebble/lib/libpebble.a(tmpMw9aXupebble.o)
 .text.layer_get_clips
                0x0000000000000000        0xc /home/william/pebble-dev/PebbleSDK-2.0.2/Pebble/lib/libpebble.a(tmpMw9aXupebble.o)
 .text.layer_get_data
                0x0000000000000000        0xc /home/william/pebble-dev/PebbleSDK-2.0.2/Pebble/lib/libpebble.a(tmpMw9aXupebble.o)
 .text.layer_get_frame
                0x0000000000000000        0xc /home/william/pebble-dev/PebbleSDK-2.0.2/Pebble/lib/libpebble.a(tmpMw9aXupebble.o)
 .text.layer_get_hidden
                0x0000000000000000        0xc /home/william/pebble-dev/PebbleSDK-2.0.2/Pebble/lib/libpebble.a(tmpMw9aXupebble.o)
 .text.layer_get_window
                0x0000000000000000        0xc /home/william/pebble-dev/PebbleSDK-2.0.2/Pebble/lib/libpebble.a(tmpMw9aXupebble.o)
 .text.layer_insert_above_sibling
                0x0000000000000000        0xc /home/william/pebble-dev/PebbleSDK-2.0.2/Pebble/lib/libpebble.a(tmpMw9aXupebble.o)
 .text.layer_insert_below_sibling
                0x0000000000000000        0xc /home/william/pebble-dev/PebbleSDK-2.0.2/Pebble/lib/libpebble.a(tmpMw9aXupebble.o)
 .text.layer_mark_dirty
                0x0000000000000000        0xc /home/william/pebble-dev/PebbleSDK-2.0.2/Pebble/lib/libpebble.a(tmpMw9aXupebble.o)
 .text.layer_remove_child_layers
                0x0000000000000000        0xc /home/william/pebble-dev/PebbleSDK-2.0.2/Pebble/lib/libpebble.a(tmpMw9aXupebble.o)
 .text.layer_remove_from_parent
                0x0000000000000000        0xc /home/william/pebble-dev/PebbleSDK-2.0.2/Pebble/lib/libpebble.a(tmpMw9aXupebble.o)
 .text.layer_set_bounds
                0x0000000000000000        0xc /home/william/pebble-dev/PebbleSDK-2.0.2/Pebble/lib/libpebble.a(tmpMw9aXupebble.o)
 .text.layer_set_clips
                0x0000000000000000        0xc /home/william/pebble-dev/PebbleSDK-2.0.2/Pebble/lib/libpebble.a(tmpMw9aXupebble.o)
 .text.layer_set_frame
                0x0000000000000000        0xc /home/william/pebble-dev/PebbleSDK-2.0.2/Pebble/lib/libpebble.a(tmpMw9aXupebble.o)
 .text.layer_set_hidden
                0x0000000000000000        0xc /home/william/pebble-dev/PebbleSDK-2.0.2/Pebble/lib/libpebble.a(tmpMw9aXupebble.o)
 .text.layer_set_update_proc
                0x0000000000000000        0xc /home/william/pebble-dev/PebbleSDK-2.0.2/Pebble/lib/libpebble.a(tmpMw9aXupebble.o)
 .text.light_enable
                0x0000000000000000        0xc /home/william/pebble-dev/PebbleSDK-2.0.2/Pebble/lib/libpebble.a(tmpMw9aXupebble.o)
 .text.light_enable_interaction
                0x0000000000000000        0xc /home/william/pebble-dev/PebbleSDK-2.0.2/Pebble/lib/libpebble.a(tmpMw9aXupebble.o)
 .text.localtime
                0x0000000000000000        0xc /home/william/pebble-dev/PebbleSDK-2.0.2/Pebble/lib/libpebble.a(tmpMw9aXupebble.o)
 .text.malloc   0x0000000000000000        0xc /home/william/pebble-dev/PebbleSDK-2.0.2/Pebble/lib/libpebble.a(tmpMw9aXupebble.o)
 .text.memcpy   0x0000000000000000        0xc /home/william/pebble-dev/PebbleSDK-2.0.2/Pebble/lib/libpebble.a(tmpMw9aXupebble.o)
 .text.memmove  0x0000000000000000        0xc /home/william/pebble-dev/PebbleSDK-2.0.2/Pebble/lib/libpebble.a(tmpMw9aXupebble.o)
 .text.menu_cell_basic_draw
                0x0000000000000000        0xc /home/william/pebble-dev/PebbleSDK-2.0.2/Pebble/lib/libpebble.a(tmpMw9aXupebble.o)
 .text.menu_cell_basic_header_draw
                0x0000000000000000        0xc /home/william/pebble-dev/PebbleSDK-2.0.2/Pebble/lib/libpebble.a(tmpMw9aXupebble.o)
 .text.menu_cell_title_draw
                0x0000000000000000        0xc /home/william/pebble-dev/PebbleSDK-2.0.2/Pebble/lib/libpebble.a(tmpMw9aXupebble.o)
 .text.menu_index_compare
                0x0000000000000000        0xc /home/william/pebble-dev/PebbleSDK-2.0.2/Pebble/lib/libpebble.a(tmpMw9aXupebble.o)
 .text.menu_layer_create
                0x0000000000000000        0xc /home/william/pebble-dev/PebbleSDK-2.0.2/Pebble/lib/libpebble.a(tmpMw9aXupebble.o)
 .text.menu_layer_destroy
                0x0000000000000000        0xc /home/william/pebble-dev/PebbleSDK-2.0.2/Pebble/lib/libpebble.a(tmpMw9aXupebble.o)
 .text.menu_layer_get_layer
                0x0000000000000000        0xc /home/william/pebble-dev/PebbleSDK-2.0.2/Pebble/lib/libpebble.a(tmpMw9aXupebble.o)
 .text.menu_layer_get_scroll_layer
                0x0000000000000000        0xc /home/william/pebble-dev/PebbleSDK-2.0.2/Pebble/lib/libpebble.a(tmpMw9aXupebble.o)
 .text.menu_layer_get_selected_index
                0x0000000000000000        0xc /home/william/pebble-dev/PebbleSDK-2.0.2/Pebble/lib/libpebble.a(tmpMw9aXupebble.o)
 .text.menu_layer_reload_data
                0x0000000000000000        0xc /home/william/pebble-dev/PebbleSDK-2.0.2/Pebble/lib/libpebble.a(tmpMw9aXupebble.o)
 .text.menu_layer_set_callbacks
                0x0000000000000000        0xc /home/william/pebble-dev/PebbleSDK-2.0.2/Pebble/lib/libpebble.a(tmpMw9aXupebble.o)
 .text.menu_layer_set_click_config_onto_window
                0x0000000000000000        0xc /home/william/pebble-dev/PebbleSDK-2.0.2/Pebble/lib/libpebble.a(tmpMw9aXupebble.o)
 .text.menu_layer_set_selected_index
                0x0000000000000000        0xc /home/william/pebble-dev/PebbleSDK-2.0.2/Pebble/lib/libpebble.a(tmpMw9aXupebble.o)
 .text.menu_layer_set_selected_next
                0x0000000000000000        0xc /home/william/pebble-dev/PebbleSDK-2.0.2/Pebble/lib/libpebble.a(tmpMw9aXupebble.o)
 .text.number_window_create
                0x0000000000000000        0xc /home/william/pebble-dev/PebbleSDK-2.0.2/Pebble/lib/libpebble.a(tmpMw9aXupebble.o)
 .text.number_window_destroy
                0x0000000000000000        0xc /home/william/pebble-dev/PebbleSDK-2.0.2/Pebble/lib/libpebble.a(tmpMw9aXupebble.o)
 .text.number_window_get_value
                0x0000000000000000        0xc /home/william/pebble-dev/PebbleSDK-2.0.2/Pebble/lib/libpebble.a(tmpMw9aXupebble.o)
 .text.number_window_set_label
                0x0000000000000000        0xc /home/william/pebble-dev/PebbleSDK-2.0.2/Pebble/lib/libpebble.a(tmpMw9aXupebble.o)
 .text.number_window_set_max
                0x0000000000000000        0xc /home/william/pebble-dev/PebbleSDK-2.0.2/Pebble/lib/libpebble.a(tmpMw9aXupebble.o)
 .text.number_window_set_min
                0x0000000000000000        0xc /home/william/pebble-dev/PebbleSDK-2.0.2/Pebble/lib/libpebble.a(tmpMw9aXupebble.o)
 .text.number_window_set_step_size
                0x0000000000000000        0xc /home/william/pebble-dev/PebbleSDK-2.0.2/Pebble/lib/libpebble.a(tmpMw9aXupebble.o)
 .text.number_window_set_value
                0x0000000000000000        0xc /home/william/pebble-dev/PebbleSDK-2.0.2/Pebble/lib/libpebble.a(tmpMw9aXupebble.o)
 .text.persist_delete
                0x0000000000000000        0xc /home/william/pebble-dev/PebbleSDK-2.0.2/Pebble/lib/libpebble.a(tmpMw9aXupebble.o)
 .text.persist_exists
                0x0000000000000000        0xc /home/william/pebble-dev/PebbleSDK-2.0.2/Pebble/lib/libpebble.a(tmpMw9aXupebble.o)
 .text.persist_get_size
                0x0000000000000000        0xc /home/william/pebble-dev/PebbleSDK-2.0.2/Pebble/lib/libpebble.a(tmpMw9aXupebble.o)
 .text.persist_read_bool
                0x0000000000000000        0xc /home/william/pebble-dev/PebbleSDK-2.0.2/Pebble/lib/libpebble.a(tmpMw9aXupebble.o)
 .text.persist_read_data__deprecated
                0x0000000000000000        0xc /home/william/pebble-dev/PebbleSDK-2.0.2/Pebble/lib/libpebble.a(tmpMw9aXupebble.o)
 .text.persist_read_int
                0x0000000000000000        0xc /home/william/pebble-dev/PebbleSDK-2.0.2/Pebble/lib/libpebble.a(tmpMw9aXupebble.o)
 .text.persist_read_string__deprecated
                0x0000000000000000        0xc /home/william/pebble-dev/PebbleSDK-2.0.2/Pebble/lib/libpebble.a(tmpMw9aXupebble.o)
 .text.persist_write_bool
                0x0000000000000000        0xc /home/william/pebble-dev/PebbleSDK-2.0.2/Pebble/lib/libpebble.a(tmpMw9aXupebble.o)
 .text.persist_write_data__deprecated
                0x0000000000000000        0xc /home/william/pebble-dev/PebbleSDK-2.0.2/Pebble/lib/libpebble.a(tmpMw9aXupebble.o)
 .text.persist_write_int
                0x0000000000000000        0xc /home/william/pebble-dev/PebbleSDK-2.0.2/Pebble/lib/libpebble.a(tmpMw9aXupebble.o)
 .text.persist_write_string
                0x0000000000000000        0xc /home/william/pebble-dev/PebbleSDK-2.0.2/Pebble/lib/libpebble.a(tmpMw9aXupebble.o)
 .text.property_animation_create
                0x0000000000000000        0xc /home/william/pebble-dev/PebbleSDK-2.0.2/Pebble/lib/libpebble.a(tmpMw9aXupebble.o)
 .text.property_animation_create_layer_frame
                0x0000000000000000        0xc /home/william/pebble-dev/PebbleSDK-2.0.2/Pebble/lib/libpebble.a(tmpMw9aXupebble.o)
 .text.property_animation_destroy
                0x0000000000000000        0xc /home/william/pebble-dev/PebbleSDK-2.0.2/Pebble/lib/libpebble.a(tmpMw9aXupebble.o)
 .text.property_animation_update_gpoint
                0x0000000000000000        0xc /home/william/pebble-dev/PebbleSDK-2.0.2/Pebble/lib/libpebble.a(tmpMw9aXupebble.o)
 .text.property_animation_update_grect
                0x0000000000000000        0xc /home/william/pebble-dev/PebbleSDK-2.0.2/Pebble/lib/libpebble.a(tmpMw9aXupebble.o)
 .text.property_animation_update_int16
                0x0000000000000000        0xc /home/william/pebble-dev/PebbleSDK-2.0.2/Pebble/lib/libpebble.a(tmpMw9aXupebble.o)
 .text.psleep   0x0000000000000000        0xc /home/william/pebble-dev/PebbleSDK-2.0.2/Pebble/lib/libpebble.a(tmpMw9aXupebble.o)
 .text.resource_get_handle
                0x0000000000000000        0xc /home/william/pebble-dev/PebbleSDK-2.0.2/Pebble/lib/libpebble.a(tmpMw9aXupebble.o)
 .text.resource_load
                0x0000000000000000        0xc /home/william/pebble-dev/PebbleSDK-2.0.2/Pebble/lib/libpebble.a(tmpMw9aXupebble.o)
 .text.resource_load_byte_range
                0x0000000000000000        0xc /home/william/pebble-dev/PebbleSDK-2.0.2/Pebble/lib/libpebble.a(tmpMw9aXupebble.o)
 .text.resource_size
                0x0000000000000000        0xc /home/william/pebble-dev/PebbleSDK-2.0.2/Pebble/lib/libpebble.a(tmpMw9aXupebble.o)
 .text.rot_bitmap_layer_create
                0x0000000000000000        0xc /home/william/pebble-dev/PebbleSDK-2.0.2/Pebble/lib/libpebble.a(tmpMw9aXupebble.o)
 .text.rot_bitmap_layer_destroy
                0x0000000000000000        0xc /home/william/pebble-dev/PebbleSDK-2.0.2/Pebble/lib/libpebble.a(tmpMw9aXupebble.o)
 .text.rot_bitmap_layer_increment_angle
                0x0000000000000000        0xc /home/william/pebble-dev/PebbleSDK-2.0.2/Pebble/lib/libpebble.a(tmpMw9aXupebble.o)
 .text.rot_bitmap_layer_set_angle
                0x0000000000000000        0xc /home/william/pebble-dev/PebbleSDK-2.0.2/Pebble/lib/libpebble.a(tmpMw9aXupebble.o)
 .text.rot_bitmap_layer_set_corner_clip_color
                0x0000000000000000        0xc /home/william/pebble-dev/PebbleSDK-2.0.2/Pebble/lib/libpebble.a(tmpMw9aXupebble.o)
 .text.rot_bitmap_set_compositing_mode
                0x0000000000000000        0xc /home/william/pebble-dev/PebbleSDK-2.0.2/Pebble/lib/libpebble.a(tmpMw9aXupebble.o)
 .text.rot_bitmap_set_src_ic
                0x0000000000000000        0xc /home/william/pebble-dev/PebbleSDK-2.0.2/Pebble/lib/libpebble.a(tmpMw9aXupebble.o)
 .text.scroll_layer_add_child
                0x0000000000000000        0xc /home/william/pebble-dev/PebbleSDK-2.0.2/Pebble/lib/libpebble.a(tmpMw9aXupebble.o)
 .text.scroll_layer_create
                0x0000000000000000        0xc /home/william/pebble-dev/PebbleSDK-2.0.2/Pebble/lib/libpebble.a(tmpMw9aXupebble.o)
 .text.scroll_layer_destroy
                0x0000000000000000        0xc /home/william/pebble-dev/PebbleSDK-2.0.2/Pebble/lib/libpebble.a(tmpMw9aXupebble.o)
 .text.scroll_layer_get_content_offset
                0x0000000000000000        0xc /home/william/pebble-dev/PebbleSDK-2.0.2/Pebble/lib/libpebble.a(tmpMw9aXupebble.o)
 .text.scroll_layer_get_content_size
                0x0000000000000000        0xc /home/william/pebble-dev/PebbleSDK-2.0.2/Pebble/lib/libpebble.a(tmpMw9aXupebble.o)
 .text.scroll_layer_get_layer
                0x0000000000000000        0xc /home/william/pebble-dev/PebbleSDK-2.0.2/Pebble/lib/libpebble.a(tmpMw9aXupebble.o)
 .text.scroll_layer_get_shadow_hidden
                0x0000000000000000        0xc /home/william/pebble-dev/PebbleSDK-2.0.2/Pebble/lib/libpebble.a(tmpMw9aXupebble.o)
 .text.scroll_layer_scroll_down_click_handler
                0x0000000000000000        0xc /home/william/pebble-dev/PebbleSDK-2.0.2/Pebble/lib/libpebble.a(tmpMw9aXupebble.o)
 .text.scroll_layer_scroll_up_click_handler
                0x0000000000000000        0xc /home/william/pebble-dev/PebbleSDK-2.0.2/Pebble/lib/libpebble.a(tmpMw9aXupebble.o)
 .text.scroll_layer_set_callbacks
                0x0000000000000000        0xc /home/william/pebble-dev/PebbleSDK-2.0.2/Pebble/lib/libpebble.a(tmpMw9aXupebble.o)
 .text.scroll_layer_set_click_config_onto_window
                0x0000000000000000        0xc /home/william/pebble-dev/PebbleSDK-2.0.2/Pebble/lib/libpebble.a(tmpMw9aXupebble.o)
 .text.scroll_layer_set_content_offset
                0x0000000000000000        0xc /home/william/pebble-dev/PebbleSDK-2.0.2/Pebble/lib/libpebble.a(tmpMw9aXupebble.o)
 .text.scroll_layer_set_content_size
                0x0000000000000000        0xc /home/william/pebble-dev/PebbleSDK-2.0.2/Pebble/lib/libpebble.a(tmpMw9aXupebble.o)
 .text.scroll_layer_set_context
                0x0000000000000000        0xc /home/william/pebble-dev/PebbleSDK-2.0.2/Pebble/lib/libpebble.a(tmpMw9aXupebble.o)
 .text.scroll_layer_set_frame
                0x0000000000000000        0xc /home/william/pebble-dev/PebbleSDK-2.0.2/Pebble/lib/libpebble.a(tmpMw9aXupebble.o)
 .text.scroll_layer_set_shadow_hidden
                0x0000000000000000        0xc /home/william/pebble-dev/PebbleSDK-2.0.2/Pebble/lib/libpebble.a(tmpMw9aXupebble.o)
 .text.simple_menu_layer_create
                0x0000000000000000        0xc /home/william/pebble-dev/PebbleSDK-2.0.2/Pebble/lib/libpebble.a(tmpMw9aXupebble.o)
 .text.simple_menu_layer_destroy
                0x0000000000000000        0xc /home/william/pebble-dev/PebbleSDK-2.0.2/Pebble/lib/libpebble.a(tmpMw9aXupebble.o)
 .text.simple_menu_layer_get_layer
                0x0000000000000000        0xc /home/william/pebble-dev/PebbleSDK-2.0.2/Pebble/lib/libpebble.a(tmpMw9aXupebble.o)
 .text.simple_menu_layer_get_selected_index
                0x0000000000000000        0xc /home/william/pebble-dev/PebbleSDK-2.0.2/Pebble/lib/libpebble.a(tmpMw9aXupebble.o)
 .text.simple_menu_layer_set_selected_index
                0x0000000000000000        0xc /home/william/pebble-dev/PebbleSDK-2.0.2/Pebble/lib/libpebble.a(tmpMw9aXupebble.o)
 .text.sin_lookup
                0x0000000000000000        0xc /home/william/pebble-dev/PebbleSDK-2.0.2/Pebble/lib/libpebble.a(tmpMw9aXupebble.o)
 .text.srand    0x0000000000000000        0xc /home/william/pebble-dev/PebbleSDK-2.0.2/Pebble/lib/libpebble.a(tmpMw9aXupebble.o)
 .text.strcat   0x0000000000000000        0xc /home/william/pebble-dev/PebbleSDK-2.0.2/Pebble/lib/libpebble.a(tmpMw9aXupebble.o)
 .text.strcmp   0x0000000000000000        0xc /home/william/pebble-dev/PebbleSDK-2.0.2/Pebble/lib/libpebble.a(tmpMw9aXupebble.o)
 .text.strcpy   0x0000000000000000        0xc /home/william/pebble-dev/PebbleSDK-2.0.2/Pebble/lib/libpebble.a(tmpMw9aXupebble.o)
 .text.strftime
                0x0000000000000000        0xc /home/william/pebble-dev/PebbleSDK-2.0.2/Pebble/lib/libpebble.a(tmpMw9aXupebble.o)
 .text.strlen   0x0000000000000000        0xc /home/william/pebble-dev/PebbleSDK-2.0.2/Pebble/lib/libpebble.a(tmpMw9aXupebble.o)
 .text.strncat  0x0000000000000000        0xc /home/william/pebble-dev/PebbleSDK-2.0.2/Pebble/lib/libpebble.a(tmpMw9aXupebble.o)
 .text.strncmp  0x0000000000000000        0xc /home/william/pebble-dev/PebbleSDK-2.0.2/Pebble/lib/libpebble.a(tmpMw9aXupebble.o)
 .text.strncpy  0x0000000000000000        0xc /home/william/pebble-dev/PebbleSDK-2.0.2/Pebble/lib/libpebble.a(tmpMw9aXupebble.o)
 .text.text_layer_get_content_size
                0x0000000000000000        0xc /home/william/pebble-dev/PebbleSDK-2.0.2/Pebble/lib/libpebble.a(tmpMw9aXupebble.o)
 .text.text_layer_get_text
                0x0000000000000000        0xc /home/william/pebble-dev/PebbleSDK-2.0.2/Pebble/lib/libpebble.a(tmpMw9aXupebble.o)
 .text.text_layer_set_overflow_mode
                0x0000000000000000        0xc /home/william/pebble-dev/PebbleSDK-2.0.2/Pebble/lib/libpebble.a(tmpMw9aXupebble.o)
 .text.text_layer_set_size
                0x0000000000000000        0xc /home/william/pebble-dev/PebbleSDK-2.0.2/Pebble/lib/libpebble.a(tmpMw9aXupebble.o)
 .text.tick_timer_service_subscribe
                0x0000000000000000        0xc /home/william/pebble-dev/PebbleSDK-2.0.2/Pebble/lib/libpebble.a(tmpMw9aXupebble.o)
 .text.tick_timer_service_unsubscribe
                0x0000000000000000        0xc /home/william/pebble-dev/PebbleSDK-2.0.2/Pebble/lib/libpebble.a(tmpMw9aXupebble.o)
 .text.time     0x0000000000000000        0xc /home/william/pebble-dev/PebbleSDK-2.0.2/Pebble/lib/libpebble.a(tmpMw9aXupebble.o)
 .text.time_ms  0x0000000000000000        0xc /home/william/pebble-dev/PebbleSDK-2.0.2/Pebble/lib/libpebble.a(tmpMw9aXupebble.o)
 .text.vibes_cancel
                0x0000000000000000        0xc /home/william/pebble-dev/PebbleSDK-2.0.2/Pebble/lib/libpebble.a(tmpMw9aXupebble.o)
 .text.vibes_double_pulse
                0x0000000000000000        0xc /home/william/pebble-dev/PebbleSDK-2.0.2/Pebble/lib/libpebble.a(tmpMw9aXupebble.o)
 .text.vibes_enqueue_custom_pattern
                0x0000000000000000        0xc /home/william/pebble-dev/PebbleSDK-2.0.2/Pebble/lib/libpebble.a(tmpMw9aXupebble.o)
 .text.vibes_long_pulse
                0x0000000000000000        0xc /home/william/pebble-dev/PebbleSDK-2.0.2/Pebble/lib/libpebble.a(tmpMw9aXupebble.o)
 .text.vibes_short_pulse
                0x0000000000000000        0xc /home/william/pebble-dev/PebbleSDK-2.0.2/Pebble/lib/libpebble.a(tmpMw9aXupebble.o)
 .text.window_get_click_config_provider
                0x0000000000000000        0xc /home/william/pebble-dev/PebbleSDK-2.0.2/Pebble/lib/libpebble.a(tmpMw9aXupebble.o)
 .text.window_get_fullscreen
                0x0000000000000000        0xc /home/william/pebble-dev/PebbleSDK-2.0.2/Pebble/lib/libpebble.a(tmpMw9aXupebble.o)
 .text.window_is_loaded
                0x0000000000000000        0xc /home/william/pebble-dev/PebbleSDK-2.0.2/Pebble/lib/libpebble.a(tmpMw9aXupebble.o)
 .text.window_set_click_config_provider_with_context
                0x0000000000000000        0xc /home/william/pebble-dev/PebbleSDK-2.0.2/Pebble/lib/libpebble.a(tmpMw9aXupebble.o)
 .text.window_set_fullscreen
                0x0000000000000000        0xc /home/william/pebble-dev/PebbleSDK-2.0.2/Pebble/lib/libpebble.a(tmpMw9aXupebble.o)
 .text.window_set_status_bar_icon
                0x0000000000000000        0xc /home/william/pebble-dev/PebbleSDK-2.0.2/Pebble/lib/libpebble.a(tmpMw9aXupebble.o)
 .text.window_stack_contains_window
                0x0000000000000000        0xc /home/william/pebble-dev/PebbleSDK-2.0.2/Pebble/lib/libpebble.a(tmpMw9aXupebble.o)
 .text.window_stack_get_top_window
                0x0000000000000000        0xc /home/william/pebble-dev/PebbleSDK-2.0.2/Pebble/lib/libpebble.a(tmpMw9aXupebble.o)
 .text.window_stack_pop
                0x0000000000000000        0xc /home/william/pebble-dev/PebbleSDK-2.0.2/Pebble/lib/libpebble.a(tmpMw9aXupebble.o)
 .text.window_stack_pop_all
                0x0000000000000000        0xc /home/william/pebble-dev/PebbleSDK-2.0.2/Pebble/lib/libpebble.a(tmpMw9aXupebble.o)
 .text.window_stack_remove
                0x0000000000000000        0xc /home/william/pebble-dev/PebbleSDK-2.0.2/Pebble/lib/libpebble.a(tmpMw9aXupebble.o)
 .text.app_focus_service_subscribe
                0x0000000000000000        0xc /home/william/pebble-dev/PebbleSDK-2.0.2/Pebble/lib/libpebble.a(tmpMw9aXupebble.o)
 .text.app_focus_service_unsubscribe
                0x0000000000000000        0xc /home/william/pebble-dev/PebbleSDK-2.0.2/Pebble/lib/libpebble.a(tmpMw9aXupebble.o)
 .text.window_get_user_data
                0x0000000000000000        0xc /home/william/pebble-dev/PebbleSDK-2.0.2/Pebble/lib/libpebble.a(tmpMw9aXupebble.o)
 .text.window_set_user_data
                0x0000000000000000        0xc /home/william/pebble-dev/PebbleSDK-2.0.2/Pebble/lib/libpebble.a(tmpMw9aXupebble.o)
 .text.app_message_get_context
                0x0000000000000000        0xc /home/william/pebble-dev/PebbleSDK-2.0.2/Pebble/lib/libpebble.a(tmpMw9aXupebble.o)
 .text.app_message_inbox_size_maximum
                0x0000000000000000        0xc /home/william/pebble-dev/PebbleSDK-2.0.2/Pebble/lib/libpebble.a(tmpMw9aXupebble.o)
 .text.app_message_outbox_begin
                0x0000000000000000        0xc /home/william/pebble-dev/PebbleSDK-2.0.2/Pebble/lib/libpebble.a(tmpMw9aXupebble.o)
 .text.app_message_outbox_send
                0x0000000000000000        0xc /home/william/pebble-dev/PebbleSDK-2.0.2/Pebble/lib/libpebble.a(tmpMw9aXupebble.o)
 .text.app_message_outbox_size_maximum
                0x0000000000000000        0xc /home/william/pebble-dev/PebbleSDK-2.0.2/Pebble/lib/libpebble.a(tmpMw9aXupebble.o)
 .text.app_message_register_inbox_dropped
                0x0000000000000000        0xc /home/william/pebble-dev/PebbleSDK-2.0.2/Pebble/lib/libpebble.a(tmpMw9aXupebble.o)
 .text.app_message_register_inbox_received
                0x0000000000000000        0xc /home/william/pebble-dev/PebbleSDK-2.0.2/Pebble/lib/libpebble.a(tmpMw9aXupebble.o)
 .text.app_message_register_outbox_failed
                0x0000000000000000        0xc /home/william/pebble-dev/PebbleSDK-2.0.2/Pebble/lib/libpebble.a(tmpMw9aXupebble.o)
 .text.app_message_register_outbox_sent
                0x0000000000000000        0xc /home/william/pebble-dev/PebbleSDK-2.0.2/Pebble/lib/libpebble.a(tmpMw9aXupebble.o)
 .text.app_message_set_context
                0x0000000000000000        0xc /home/william/pebble-dev/PebbleSDK-2.0.2/Pebble/lib/libpebble.a(tmpMw9aXupebble.o)
 .text.window_long_click_subscribe
                0x0000000000000000        0xc /home/william/pebble-dev/PebbleSDK-2.0.2/Pebble/lib/libpebble.a(tmpMw9aXupebble.o)
 .text.window_multi_click_subscribe
                0x0000000000000000        0xc /home/william/pebble-dev/PebbleSDK-2.0.2/Pebble/lib/libpebble.a(tmpMw9aXupebble.o)
 .text.window_raw_click_subscribe
                0x0000000000000000        0xc /home/william/pebble-dev/PebbleSDK-2.0.2/Pebble/lib/libpebble.a(tmpMw9aXupebble.o)
 .text.window_set_click_context
                0x0000000000000000        0xc /home/william/pebble-dev/PebbleSDK-2.0.2/Pebble/lib/libpebble.a(tmpMw9aXupebble.o)
 .text.window_single_repeating_click_subscribe
                0x0000000000000000        0xc /home/william/pebble-dev/PebbleSDK-2.0.2/Pebble/lib/libpebble.a(tmpMw9aXupebble.o)
 .text.graphics_draw_text
                0x0000000000000000        0xc /home/william/pebble-dev/PebbleSDK-2.0.2/Pebble/lib/libpebble.a(tmpMw9aXupebble.o)
 .text.dict_serialize_tuplets_to_buffer
                0x0000000000000000        0xc /home/william/pebble-dev/PebbleSDK-2.0.2/Pebble/lib/libpebble.a(tmpMw9aXupebble.o)
 .text.persist_read_data
                0x0000000000000000        0xc /home/william/pebble-dev/PebbleSDK-2.0.2/Pebble/lib/libpebble.a(tmpMw9aXupebble.o)
 .text.persist_read_string
                0x0000000000000000        0xc /home/william/pebble-dev/PebbleSDK-2.0.2/Pebble/lib/libpebble.a(tmpMw9aXupebble.o)
 .text.persist_write_data
                0x0000000000000000        0xc /home/william/pebble-dev/PebbleSDK-2.0.2/Pebble/lib/libpebble.a(tmpMw9aXupebble.o)
 .text.dict_size
                0x0000000000000000        0xc /home/william/pebble-dev/PebbleSDK-2.0.2/Pebble/lib/libpebble.a(tmpMw9aXupebble.o)
 .text.graphics_text_layout_get_content_size
                0x0000000000000000        0xc /home/william/pebble-dev/PebbleSDK-2.0.2/Pebble/lib/libpebble.a(tmpMw9aXupebble.o)
 .text.simple_menu_layer_get_menu_layer
                0x0000000000000000        0xc /home/william/pebble-dev/PebbleSDK-2.0.2/Pebble/lib/libpebble.a(tmpMw9aXupebble.o)
 .text.calloc   0x0000000000000000        0xc /home/william/pebble-dev/PebbleSDK-2.0.2/Pebble/lib/libpebble.a(tmpMw9aXupebble.o)
 .text.bitmap_layer_get_bitmap
                0x0000000000000000        0xc /home/william/pebble-dev/PebbleSDK-2.0.2/Pebble/lib/libpebble.a(tmpMw9aXupebble.o)
 .bss           0x0000000000000000        0x0 /home/william/pebble-dev/PebbleSDK-2.0.2/arm-cs-tools/bin/../lib/gcc/arm-none-eabi/4.7.2/thumb2/libgcc.a(_arm_addsubdf3.o)
 .bss           0x0000000000000000        0x0 /home/william/pebble-dev/PebbleSDK-2.0.2/arm-cs-tools/bin/../lib/gcc/arm-none-eabi/4.7.2/thumb2/libgcc.a(_arm_muldivdf3.o)
 .bss           0x0000000000000000        0x0 /home/william/pebble-dev/PebbleSDK-2.0.2/arm-cs-tools/bin/../lib/gcc/arm-none-eabi/4.7.2/thumb2/libgcc.a(_arm_fixdfsi.o)
 .text          0x0000000000000000        0x0 /home/william/pebble-dev/PebbleSDK-2.0.2/arm-cs-tools/bin/../lib/gcc/arm-none-eabi/4.7.2/thumb2/crtend.o
 .bss           0x0000000000000000        0x0 /home/william/pebble-dev/PebbleSDK-2.0.2/arm-cs-tools/bin/../lib/gcc/arm-none-eabi/4.7.2/thumb2/crtend.o
 .eh_frame      0x0000000000000000        0x4 /home/william/pebble-dev/PebbleSDK-2.0.2/arm-cs-tools/bin/../lib/gcc/arm-none-eabi/4.7.2/thumb2/crtend.o
 .jcr           0x0000000000000000        0x4 /home/william/pebble-dev/PebbleSDK-2.0.2/arm-cs-tools/bin/../lib/gcc/arm-none-eabi/4.7.2/thumb2/crtend.o
 .tm_clone_table
                0x0000000000000000        0x0 /home/william/pebble-dev/PebbleSDK-2.0.2/arm-cs-tools/bin/../lib/gcc/arm-none-eabi/4.7.2/thumb2/crtend.o
 .text          0x0000000000000000        0x0 /home/william/pebble-dev/PebbleSDK-2.0.2/arm-cs-tools/bin/../lib/gcc/arm-none-eabi/4.7.2/thumb2/crtn.o
 .bss           0x0000000000000000        0x0 /home/william/pebble-dev/PebbleSDK-2.0.2/arm-cs-tools/bin/../lib/gcc/arm-none-eabi/4.7.2/thumb2/crtn.o
 .init          0x0000000000000000        0x8 /home/william/pebble-dev/PebbleSDK-2.0.2/arm-cs-tools/bin/../lib/gcc/arm-none-eabi/4.7.2/thumb2/crtn.o
 .fini          0x0000000000000000        0x8 /home/william/pebble-dev/PebbleSDK-2.0.2/arm-cs-tools/bin/../lib/gcc/arm-none-eabi/4.7.2/thumb2/crtn.o

Memory Configuration

Name             Origin             Length             Attributes
APP              0x0000000000000000 0x0000000000006000 xrw
*default*        0x0000000000000000 0xffffffffffffffff

Linker script and memory map

LOAD /home/william/pebble-dev/PebbleSDK-2.0.2/arm-cs-tools/bin/../lib/gcc/arm-none-eabi/4.7.2/thumb2/crti.o
LOAD /home/william/pebble-dev/PebbleSDK-2.0.2/arm-cs-tools/bin/../lib/gcc/arm-none-eabi/4.7.2/thumb2/crtbegin.o
LOAD src/Salt Shaker.c.7.o
LOAD appinfo.auto.c.7.o
LOAD /home/william/pebble-dev/PebbleSDK-2.0.2/Pebble/lib/libpebble.a
START GROUP
LOAD /home/william/pebble-dev/PebbleSDK-2.0.2/arm-cs-tools/bin/../lib/gcc/arm-none-eabi/4.7.2/thumb2/libgcc.a
LOAD /home/william/pebble-dev/PebbleSDK-2.0.2/arm-cs-tools/bin/../lib/gcc/arm-none-eabi/4.7.2/../../../../arm-none-eabi/lib/thumb2/libc.a
END GROUP
LOAD /home/william/pebble-dev/PebbleSDK-2.0.2/arm-cs-tools/bin/../lib/gcc/arm-none-eabi/4.7.2/thumb2/crtend.o
LOAD /home/william/pebble-dev/PebbleSDK-2.0.2/arm-cs-tools/bin/../lib/gcc/arm-none-eabi/4.7.2/thumb2/crtn.o

.header         0x0000000000000000       0x82
 *(.pbl_header)
 .pbl_header    0x0000000000000000       0x82 appinfo.auto.c.7.o
                0x0000000000000000                __pbl_app_info

.text           0x0000000000000084     0x11f1
 *(.text)
 .text          0x0000000000000084       0x14 /home/william/pebble-dev/PebbleSDK-2.0.2/Pebble/lib/libpebble.a(tmpMw9aXupebble.o)
 .text          0x0000000000000098      0x370 /home/william/pebble-dev/PebbleSDK-2.0.2/arm-cs-tools/bin/../lib/gcc/arm-none-eabi/4.7.2/thumb2/libgcc.a(_arm_addsubdf3.o)
                0x0000000000000098                __aeabi_drsub
                0x00000000000000a0                __aeabi_dsub
                0x00000000000000a0                __subdf3
                0x00000000000000a4                __adddf3
                0x00000000000000a4                __aeabi_dadd
                0x000000000000031c                __aeabi_ui2d
                0x000000000000031c                __floatunsidf
                0x000000000000033c                __floatsidf
                0x000000000000033c                __aeabi_i2d
                0x0000000000000360                __extendsfdf2
                0x0000000000000360                __aeabi_f2d
                0x000000000000039c                __aeabi_ul2d
                0x000000000000039c                __floatundidf
                0x00000000000003ac                __floatdidf
                0x00000000000003ac                __aeabi_l2d
 .text          0x0000000000000408      0x424 /home/william/pebble-dev/PebbleSDK-2.0.2/arm-cs-tools/bin/../lib/gcc/arm-none-eabi/4.7.2/thumb2/libgcc.a(_arm_muldivdf3.o)
                0x0000000000000408                __aeabi_dmul
                0x0000000000000408                __muldf3
                0x000000000000065c                __aeabi_ddiv
                0x000000000000065c                __divdf3
 .text          0x000000000000082c       0x50 /home/william/pebble-dev/PebbleSDK-2.0.2/arm-cs-tools/bin/../lib/gcc/arm-none-eabi/4.7.2/thumb2/libgcc.a(_arm_fixdfsi.o)
                0x000000000000082c                __fixdfsi
                0x000000000000082c                __aeabi_d2iz
 *(.text.*)
 .text.accel_data_handler
                0x000000000000087c       0x3c src/Salt Shaker.c.7.o
 .text.window_unload
                0x00000000000008b8       0x5c src/Salt Shaker.c.7.o
 .text.window_load
                0x0000000000000914      0x1dc src/Salt Shaker.c.7.o
 .text.click_config_provider
                0x0000000000000af0       0x30 src/Salt Shaker.c.7.o
 .text.updateSalt
                0x0000000000000b20       0x58 src/Salt Shaker.c.7.o
 .text.updateSPS
                0x0000000000000b78       0x58 src/Salt Shaker.c.7.o
 .text.up_click_handler
                0x0000000000000bd0      0x114 src/Salt Shaker.c.7.o
 .text.select_click_handler
                0x0000000000000ce4      0x114 src/Salt Shaker.c.7.o
 .text.down_click_handler
                0x0000000000000df8      0x114 src/Salt Shaker.c.7.o
 .text.startup.main
                0x0000000000000f0c       0xe8 src/Salt Shaker.c.7.o
                0x0000000000000f0c                main
 .text.accel_data_service_unsubscribe
                0x0000000000000ff4        0xc /home/william/pebble-dev/PebbleSDK-2.0.2/Pebble/lib/libpebble.a(tmpMw9aXupebble.o)
                0x0000000000000ff4                accel_data_service_unsubscribe
 .text.app_event_loop
                0x0000000000001000        0xc /home/william/pebble-dev/PebbleSDK-2.0.2/Pebble/lib/libpebble.a(tmpMw9aXupebble.o)
                0x0000000000001000                app_event_loop
 .text.app_log  0x000000000000100c        0xc /home/william/pebble-dev/PebbleSDK-2.0.2/Pebble/lib/libpebble.a(tmpMw9aXupebble.o)
                0x000000000000100c                app_log
 .text.fonts_get_system_font
                0x0000000000001018        0xc /home/william/pebble-dev/PebbleSDK-2.0.2/Pebble/lib/libpebble.a(tmpMw9aXupebble.o)
                0x0000000000001018                fonts_get_system_font
 .text.layer_add_child
                0x0000000000001024        0xc /home/william/pebble-dev/PebbleSDK-2.0.2/Pebble/lib/libpebble.a(tmpMw9aXupebble.o)
                0x0000000000001024                layer_add_child
 .text.layer_get_bounds
                0x0000000000001030        0xc /home/william/pebble-dev/PebbleSDK-2.0.2/Pebble/lib/libpebble.a(tmpMw9aXupebble.o)
                0x0000000000001030                layer_get_bounds
 .text.memset   0x000000000000103c        0xc /home/william/pebble-dev/PebbleSDK-2.0.2/Pebble/lib/libpebble.a(tmpMw9aXupebble.o)
                0x000000000000103c                memset
 .text.rand     0x0000000000001048        0xc /home/william/pebble-dev/PebbleSDK-2.0.2/Pebble/lib/libpebble.a(tmpMw9aXupebble.o)
                0x0000000000001048                rand
 .text.snprintf
                0x0000000000001054        0xc /home/william/pebble-dev/PebbleSDK-2.0.2/Pebble/lib/libpebble.a(tmpMw9aXupebble.o)
                0x0000000000001054                snprintf
 .text.text_layer_create
                0x0000000000001060        0xc /home/william/pebble-dev/PebbleSDK-2.0.2/Pebble/lib/libpebble.a(tmpMw9aXupebble.o)
                0x0000000000001060                text_layer_create
 .text.text_layer_destroy
                0x000000000000106c        0xc /home/william/pebble-dev/PebbleSDK-2.0.2/Pebble/lib/libpebble.a(tmpMw9aXupebble.o)
                0x000000000000106c                text_layer_destroy
 .text.text_layer_get_layer
                0x0000000000001078        0xc /home/william/pebble-dev/PebbleSDK-2.0.2/Pebble/lib/libpebble.a(tmpMw9aXupebble.o)
                0x0000000000001078                text_layer_get_layer
 .text.text_layer_set_background_color
                0x0000000000001084        0xc /home/william/pebble-dev/PebbleSDK-2.0.2/Pebble/lib/libpebble.a(tmpMw9aXupebble.o)
                0x0000000000001084                text_layer_set_background_color
 .text.text_layer_set_font
                0x0000000000001090        0xc /home/william/pebble-dev/PebbleSDK-2.0.2/Pebble/lib/libpebble.a(tmpMw9aXupebble.o)
                0x0000000000001090                text_layer_set_font
 .text.text_layer_set_text
                0x000000000000109c        0xc /home/william/pebble-dev/PebbleSDK-2.0.2/Pebble/lib/libpebble.a(tmpMw9aXupebble.o)
                0x000000000000109c                text_layer_set_text
 .text.text_layer_set_text_alignment
                0x00000000000010a8        0xc /home/william/pebble-dev/PebbleSDK-2.0.2/Pebble/lib/libpebble.a(tmpMw9aXupebble.o)
                0x00000000000010a8                text_layer_set_text_alignment
 .text.text_layer_set_text_color
                0x00000000000010b4        0xc /home/william/pebble-dev/PebbleSDK-2.0.2/Pebble/lib/libpebble.a(tmpMw9aXupebble.o)
                0x00000000000010b4                text_layer_set_text_color
 .text.window_create
                0x00000000000010c0        0xc /home/william/pebble-dev/PebbleSDK-2.0.2/Pebble/lib/libpebble.a(tmpMw9aXupebble.o)
                0x00000000000010c0                window_create
 .text.window_destroy
                0x00000000000010cc        0xc /home/william/pebble-dev/PebbleSDK-2.0.2/Pebble/lib/libpebble.a(tmpMw9aXupebble.o)
                0x00000000000010cc                window_destroy
 .text.window_get_root_layer
                0x00000000000010d8        0xc /home/william/pebble-dev/PebbleSDK-2.0.2/Pebble/lib/libpebble.a(tmpMw9aXupebble.o)
                0x00000000000010d8                window_get_root_layer
 .text.window_set_background_color
                0x00000000000010e4        0xc /home/william/pebble-dev/PebbleSDK-2.0.2/Pebble/lib/libpebble.a(tmpMw9aXupebble.o)
                0x00000000000010e4                window_set_background_color
 .text.window_set_click_config_provider
                0x00000000000010f0        0xc /home/william/pebble-dev/PebbleSDK-2.0.2/Pebble/lib/libpebble.a(tmpMw9aXupebble.o)
                0x00000000000010f0                window_set_click_config_provider
 .text.window_set_window_handlers
                0x00000000000010fc        0xc /home/william/pebble-dev/PebbleSDK-2.0.2/Pebble/lib/libpebble.a(tmpMw9aXupebble.o)
                0x00000000000010fc                window_set_window_handlers
 .text.window_stack_push
                0x0000000000001108        0xc /home/william/pebble-dev/PebbleSDK-2.0.2/Pebble/lib/libpebble.a(tmpMw9aXupebble.o)
                0x0000000000001108                window_stack_push
 .text.window_single_click_subscribe
                0x0000000000001114        0xc /home/william/pebble-dev/PebbleSDK-2.0.2/Pebble/lib/libpebble.a(tmpMw9aXupebble.o)
                0x0000000000001114                window_single_click_subscribe
 .text.accel_data_service_subscribe
                0x0000000000001120        0xc /home/william/pebble-dev/PebbleSDK-2.0.2/Pebble/lib/libpebble.a(tmpMw9aXupebble.o)
                0x0000000000001120                accel_data_service_subscribe
 *(.rodata)
 *(.rodata*)
 .rodata.str1.1
                0x000000000000112c      0x149 src/Salt Shaker.c.7.o

.glue_7         0x0000000000001278        0x0
 .glue_7        0x0000000000000000        0x0 linker stubs

.glue_7t        0x0000000000001278        0x0
 .glue_7t       0x0000000000000000        0x0 linker stubs

.vfp11_veneer   0x0000000000001278        0x0
 .vfp11_veneer  0x0000000000000000        0x0 linker stubs

.v4_bx          0x0000000000001278        0x0
 .v4_bx         0x0000000000000000        0x0 linker stubs

.iplt           0x0000000000001278        0x0
 .iplt          0x0000000000000000        0x0 /home/william/pebble-dev/PebbleSDK-2.0.2/arm-cs-tools/bin/../lib/gcc/arm-none-eabi/4.7.2/thumb2/crtbegin.o

.rel.dyn        0x0000000000001278        0x0
 .rel.iplt      0x0000000000000000        0x0 /home/william/pebble-dev/PebbleSDK-2.0.2/arm-cs-tools/bin/../lib/gcc/arm-none-eabi/4.7.2/thumb2/crtbegin.o

.data           0x0000000000001278       0x10
 *(.data)
 .data          0x0000000000001278        0x0 /home/william/pebble-dev/PebbleSDK-2.0.2/arm-cs-tools/bin/../lib/gcc/arm-none-eabi/4.7.2/thumb2/crti.o
 .data          0x0000000000001278        0x4 /home/william/pebble-dev/PebbleSDK-2.0.2/arm-cs-tools/bin/../lib/gcc/arm-none-eabi/4.7.2/thumb2/crtbegin.o
                0x0000000000001278                __dso_handle
 .data          0x000000000000127c        0x0 src/Salt Shaker.c.7.o
 .data          0x000000000000127c        0x0 appinfo.auto.c.7.o
 .data          0x000000000000127c        0x0 /home/william/pebble-dev/PebbleSDK-2.0.2/Pebble/lib/libpebble.a(tmpMw9aXupebble.o)
 .data          0x000000000000127c        0x0 /home/william/pebble-dev/PebbleSDK-2.0.2/arm-cs-tools/bin/../lib/gcc/arm-none-eabi/4.7.2/thumb2/libgcc.a(_arm_addsubdf3.o)
 .data          0x000000000000127c        0x0 /home/william/pebble-dev/PebbleSDK-2.0.2/arm-cs-tools/bin/../lib/gcc/arm-none-eabi/4.7.2/thumb2/libgcc.a(_arm_muldivdf3.o)
 .data          0x000000000000127c        0x0 /home/william/pebble-dev/PebbleSDK-2.0.2/arm-cs-tools/bin/../lib/gcc/arm-none-eabi/4.7.2/thumb2/libgcc.a(_arm_fixdfsi.o)
 .data          0x000000000000127c        0x0 /home/william/pebble-dev/PebbleSDK-2.0.2/arm-cs-tools/bin/../lib/gcc/arm-none-eabi/4.7.2/thumb2/crtend.o
 .data          0x000000000000127c        0x0 /home/william/pebble-dev/PebbleSDK-2.0.2/arm-cs-tools/bin/../lib/gcc/arm-none-eabi/4.7.2/thumb2/crtn.o
 *(.data.*)
 .data.costGrandpa
                0x000000000000127c        0x4 src/Salt Shaker.c.7.o
 .data.costFactory
                0x0000000000001280        0x4 src/Salt Shaker.c.7.o
 .data.costMine
                0x0000000000001284        0x4 src/Salt Shaker.c.7.o

.igot.plt       0x0000000000001288        0x0
 .igot.plt      0x0000000000000000        0x0 /home/william/pebble-dev/PebbleSDK-2.0.2/arm-cs-tools/bin/../lib/gcc/arm-none-eabi/4.7.2/thumb2/crtbegin.o

.bss            0x0000000000001288       0x90
 *(.bss)
 *(.bss.*)
 .bss.countFactory
                0x0000000000001288        0x4 src/Salt Shaker.c.7.o
 .bss.sps       0x000000000000128c        0x4 src/Salt Shaker.c.7.o
 .bss.salt      0x0000000000001290        0x4 src/Salt Shaker.c.7.o
 .bss.countGrandpa
                0x0000000000001294        0x4 src/Salt Shaker.c.7.o
 .bss.notification_buffer
                0x0000000000001298       0x1e src/Salt Shaker.c.7.o
 *fill*         0x00000000000012b6        0x2 
 .bss.factory_layer
                0x00000000000012b8        0x4 src/Salt Shaker.c.7.o
 .bss.countMine
                0x00000000000012bc        0x4 src/Salt Shaker.c.7.o
 .bss.salt_layer
                0x00000000000012c0        0x4 src/Salt Shaker.c.7.o
 .bss.mine_buffer
                0x00000000000012c4        0x5 src/Salt Shaker.c.7.o
 .bss.factory_buffer
                0x00000000000012c9        0x5 src/Salt Shaker.c.7.o
 *fill*         0x00000000000012ce        0x2 
 .bss.grandpa_layer
                0x00000000000012d0        0x4 src/Salt Shaker.c.7.o
 .bss.grandpa_buffer
                0x00000000000012d4        0x5 src/Salt Shaker.c.7.o
 .bss.sps_buffer
                0x00000000000012d9       0x19 src/Salt Shaker.c.7.o
 *fill*         0x00000000000012f2        0x2 
 .bss.notif_layer
                0x00000000000012f4        0x4 src/Salt Shaker.c.7.o
 .bss.notification
                0x00000000000012f8        0x4 src/Salt Shaker.c.7.o
 .bss.sps_layer
                0x00000000000012fc        0x4 src/Salt Shaker.c.7.o
 .bss.salt_buffer
                0x0000000000001300        0xf src/Salt Shaker.c.7.o
 *fill*         0x000000000000130f        0x1 
 .bss.mine_layer
                0x0000000000001310        0x4 src/Salt Shaker.c.7.o
 .bss.window    0x0000000000001314        0x4 src/Salt Shaker.c.7.o

DISCARD
 libc.a(*)
 libm.a(*)
 libgcc.a(*)
 *(.eh_frame)
OUTPUT(/home/william/Documents/saltshaker/build/pebble-app.elf elf32-littlearm)

.ARM.attributes
                0x0000000000000000       0x27
 .ARM.attributes
                0x0000000000000000       0x19 /home/william/pebble-dev/PebbleSDK-2.0.2/arm-cs-tools/bin/../lib/gcc/arm-none-eabi/4.7.2/thumb2/crti.o
 .ARM.attributes
                0x0000000000000019       0x29 /home/william/pebble-dev/PebbleSDK-2.0.2/arm-cs-tools/bin/../lib/gcc/arm-none-eabi/4.7.2/thumb2/crtbegin.o
 .ARM.attributes
                0x0000000000000042       0x33 src/Salt Shaker.c.7.o
 .ARM.attributes
                0x0000000000000075       0x33 appinfo.auto.c.7.o
 .ARM.attributes
                0x00000000000000a8       0x21 /home/william/pebble-dev/PebbleSDK-2.0.2/Pebble/lib/libpebble.a(tmpMw9aXupebble.o)
 .ARM.attributes
                0x00000000000000c9       0x19 /home/william/pebble-dev/PebbleSDK-2.0.2/arm-cs-tools/bin/../lib/gcc/arm-none-eabi/4.7.2/thumb2/libgcc.a(_arm_addsubdf3.o)
 .ARM.attributes
                0x00000000000000e2       0x19 /home/william/pebble-dev/PebbleSDK-2.0.2/arm-cs-tools/bin/../lib/gcc/arm-none-eabi/4.7.2/thumb2/libgcc.a(_arm_muldivdf3.o)
 .ARM.attributes
                0x00000000000000fb       0x19 /home/william/pebble-dev/PebbleSDK-2.0.2/arm-cs-tools/bin/../lib/gcc/arm-none-eabi/4.7.2/thumb2/libgcc.a(_arm_fixdfsi.o)
 .ARM.attributes
                0x0000000000000114       0x29 /home/william/pebble-dev/PebbleSDK-2.0.2/arm-cs-tools/bin/../lib/gcc/arm-none-eabi/4.7.2/thumb2/crtend.o
 .ARM.attributes
                0x000000000000013d       0x19 /home/william/pebble-dev/PebbleSDK-2.0.2/arm-cs-tools/bin/../lib/gcc/arm-none-eabi/4.7.2/thumb2/crtn.o

.comment        0x0000000000000000       0x4e
 .comment       0x0000000000000000       0x4e /home/william/pebble-dev/PebbleSDK-2.0.2/arm-cs-tools/bin/../lib/gcc/arm-none-eabi/4.7.2/thumb2/crtbegin.o
                                         0x4f (size before relaxing)
 .comment       0x0000000000000000       0x4f src/Salt Shaker.c.7.o
 .comment       0x0000000000000000       0x4f appinfo.auto.c.7.o
 .comment       0x0000000000000000       0x4f /home/william/pebble-dev/PebbleSDK-2.0.2/arm-cs-tools/bin/../lib/gcc/arm-none-eabi/4.7.2/thumb2/crtend.o

.debug_info     0x0000000000000000     0x17ac
 .debug_info    0x0000000000000000     0x125b src/Salt Shaker.c.7.o
 .debug_info    0x000000000000125b      0x32c appinfo.auto.c.7.o
 .debug_info    0x0000000000001587       0xb7 /home/william/pebble-dev/PebbleSDK-2.0.2/arm-cs-tools/bin/../lib/gcc/arm-none-eabi/4.7.2/thumb2/libgcc.a(_arm_addsubdf3.o)
 .debug_info    0x000000000000163e       0xb7 /home/william/pebble-dev/PebbleSDK-2.0.2/arm-cs-tools/bin/../lib/gcc/arm-none-eabi/4.7.2/thumb2/libgcc.a(_arm_muldivdf3.o)
 .debug_info    0x00000000000016f5       0xb7 /home/william/pebble-dev/PebbleSDK-2.0.2/arm-cs-tools/bin/../lib/gcc/arm-none-eabi/4.7.2/thumb2/libgcc.a(_arm_fixdfsi.o)

.debug_abbrev   0x0000000000000000      0x433
 .debug_abbrev  0x0000000000000000      0x343 src/Salt Shaker.c.7.o
 .debug_abbrev  0x0000000000000343       0xb4 appinfo.auto.c.7.o
 .debug_abbrev  0x00000000000003f7       0x14 /home/william/pebble-dev/PebbleSDK-2.0.2/arm-cs-tools/bin/../lib/gcc/arm-none-eabi/4.7.2/thumb2/libgcc.a(_arm_addsubdf3.o)
 .debug_abbrev  0x000000000000040b       0x14 /home/william/pebble-dev/PebbleSDK-2.0.2/arm-cs-tools/bin/../lib/gcc/arm-none-eabi/4.7.2/thumb2/libgcc.a(_arm_muldivdf3.o)
 .debug_abbrev  0x000000000000041f       0x14 /home/william/pebble-dev/PebbleSDK-2.0.2/arm-cs-tools/bin/../lib/gcc/arm-none-eabi/4.7.2/thumb2/libgcc.a(_arm_fixdfsi.o)

.debug_loc      0x0000000000000000      0x458
 .debug_loc     0x0000000000000000      0x458 src/Salt Shaker.c.7.o

.debug_aranges  0x0000000000000000       0xe0
 .debug_aranges
                0x0000000000000000       0x68 src/Salt Shaker.c.7.o
 .debug_aranges
                0x0000000000000068       0x18 appinfo.auto.c.7.o
 .debug_aranges
                0x0000000000000080       0x20 /home/william/pebble-dev/PebbleSDK-2.0.2/arm-cs-tools/bin/../lib/gcc/arm-none-eabi/4.7.2/thumb2/libgcc.a(_arm_addsubdf3.o)
 .debug_aranges
                0x00000000000000a0       0x20 /home/william/pebble-dev/PebbleSDK-2.0.2/arm-cs-tools/bin/../lib/gcc/arm-none-eabi/4.7.2/thumb2/libgcc.a(_arm_muldivdf3.o)
 .debug_aranges
                0x00000000000000c0       0x20 /home/william/pebble-dev/PebbleSDK-2.0.2/arm-cs-tools/bin/../lib/gcc/arm-none-eabi/4.7.2/thumb2/libgcc.a(_arm_fixdfsi.o)

.debug_ranges   0x0000000000000000      0x140
 .debug_ranges  0x0000000000000000      0x140 src/Salt Shaker.c.7.o

.debug_line     0x0000000000000000      0x95e
 .debug_line    0x0000000000000000      0x38a src/Salt Shaker.c.7.o
 .debug_line    0x000000000000038a      0x11e appinfo.auto.c.7.o
 .debug_line    0x00000000000004a8      0x20a /home/william/pebble-dev/PebbleSDK-2.0.2/arm-cs-tools/bin/../lib/gcc/arm-none-eabi/4.7.2/thumb2/libgcc.a(_arm_addsubdf3.o)
 .debug_line    0x00000000000006b2      0x226 /home/william/pebble-dev/PebbleSDK-2.0.2/arm-cs-tools/bin/../lib/gcc/arm-none-eabi/4.7.2/thumb2/libgcc.a(_arm_muldivdf3.o)
 .debug_line    0x00000000000008d8       0x86 /home/william/pebble-dev/PebbleSDK-2.0.2/arm-cs-tools/bin/../lib/gcc/arm-none-eabi/4.7.2/thumb2/libgcc.a(_arm_fixdfsi.o)

.debug_str      0x0000000000000000      0x85e
 .debug_str     0x0000000000000000      0x6d6 src/Salt Shaker.c.7.o
                                        0x76a (size before relaxing)
 .debug_str     0x00000000000006d6      0x188 appinfo.auto.c.7.o
                                        0x283 (size before relaxing)

.debug_frame    0x0000000000000000      0x134
 .debug_frame   0x0000000000000000      0x134 src/Salt Shaker.c.7.o
